// Jest Snapshot v1, https://goo.gl/fbAQLP

exports[`Card component Matches the snapshot 1`] = `
<div
  className="card"
>
  <p
    className="name"
  >
    Sam
  </p>
  <img
    alt="avatar"
    src="../../public/1.png"
  />
  <p
    className="score"
  >
    Score: 
    0
  </p>
  <button>
    Roll
  </button>
</div>
`;
